Archive member included because of file (symbol)

c:/winavr-20100110/bin/../lib/gcc/avr/4.3.3/avr5\libgcc.a(_mulsi3.o)
                              ../Common/Minimal/integer.o (__mulsi3)
c:/winavr-20100110/bin/../lib/gcc/avr/4.3.3/avr5\libgcc.a(_udivmodhi4.o)
                              ../Common/Minimal/comtest.o (__udivmodhi4)
c:/winavr-20100110/bin/../lib/gcc/avr/4.3.3/avr5\libgcc.a(_udivmodsi4.o)
                              serial/serial.o (__udivmodsi4)
c:/winavr-20100110/bin/../lib/gcc/avr/4.3.3/avr5\libgcc.a(_divmodsi4.o)
                              ../Common/Minimal/integer.o (__divmodsi4)
c:/winavr-20100110/bin/../lib/gcc/avr/4.3.3/avr5\libgcc.a(_exit.o)
                              c:/winavr-20100110/bin/../lib/gcc/avr/4.3.3/../../../../avr/lib/avr5/crtm328p.o (exit)
c:/winavr-20100110/bin/../lib/gcc/avr/4.3.3/avr5\libgcc.a(_copy_data.o)
                              main.o (__do_copy_data)
c:/winavr-20100110/bin/../lib/gcc/avr/4.3.3/avr5\libgcc.a(_clear_bss.o)
                              main.o (__do_clear_bss)
c:/winavr-20100110/bin/../lib/gcc/avr/4.3.3/../../../../avr/lib/avr5\libc.a(memcpy.o)
                              ../../Source/queue.o (memcpy)
c:/winavr-20100110/bin/../lib/gcc/avr/4.3.3/../../../../avr/lib/avr5\libc.a(eerd_block_atmega328p.o)
                              main.o (__eerd_block_m328p)
c:/winavr-20100110/bin/../lib/gcc/avr/4.3.3/../../../../avr/lib/avr5\libc.a(eewr_byte_atmega328p.o)
                              main.o (__eewr_byte_m328p)

Memory Configuration

Name             Origin             Length             Attributes
text             0x00000000         0x00020000         xr
data             0x00800060         0x0000ffa0         rw !x
eeprom           0x00810000         0x00010000         rw !x
fuse             0x00820000         0x00000400         rw !x
lock             0x00830000         0x00000400         rw !x
signature        0x00840000         0x00000400         rw !x
*default*        0x00000000         0xffffffff

Linker script and memory map

Address of section .data set to 0x800100
LOAD c:/winavr-20100110/bin/../lib/gcc/avr/4.3.3/../../../../avr/lib/avr5/crtm328p.o
LOAD main.o
LOAD ParTest/ParTest.o
LOAD serial/serial.o
LOAD regtest.o
LOAD ../../Source/tasks.o
LOAD ../../Source/queue.o
LOAD ../../Source/list.o
LOAD ../../Source/croutine.o
LOAD ../../Source/portable/MemMang/heap_1.o
LOAD ../../Source/portable/GCC/ATMega323/port.o
LOAD ../Common/Minimal/crflash.o
LOAD ../Common/Minimal/integer.o
LOAD ../Common/Minimal/PollQ.o
LOAD ../Common/Minimal/comtest.o
LOAD c:/winavr-20100110/bin/../lib/gcc/avr/4.3.3/../../../../avr/lib/avr5\libm.a
LOAD c:/winavr-20100110/bin/../lib/gcc/avr/4.3.3/avr5\libgcc.a
LOAD c:/winavr-20100110/bin/../lib/gcc/avr/4.3.3/../../../../avr/lib/avr5\libc.a
LOAD c:/winavr-20100110/bin/../lib/gcc/avr/4.3.3/avr5\libgcc.a

.hash
 *(.hash)

.dynsym
 *(.dynsym)

.dynstr
 *(.dynstr)

.gnu.version
 *(.gnu.version)

.gnu.version_d
 *(.gnu.version_d)

.gnu.version_r
 *(.gnu.version_r)

.rel.init
 *(.rel.init)

.rela.init
 *(.rela.init)

.rel.text
 *(.rel.text)
 *(.rel.text.*)
 *(.rel.gnu.linkonce.t*)

.rela.text
 *(.rela.text)
 *(.rela.text.*)
 *(.rela.gnu.linkonce.t*)

.rel.fini
 *(.rel.fini)

.rela.fini
 *(.rela.fini)

.rel.rodata
 *(.rel.rodata)
 *(.rel.rodata.*)
 *(.rel.gnu.linkonce.r*)

.rela.rodata
 *(.rela.rodata)
 *(.rela.rodata.*)
 *(.rela.gnu.linkonce.r*)

.rel.data
 *(.rel.data)
 *(.rel.data.*)
 *(.rel.gnu.linkonce.d*)

.rela.data
 *(.rela.data)
 *(.rela.data.*)
 *(.rela.gnu.linkonce.d*)

.rel.ctors
 *(.rel.ctors)

.rela.ctors
 *(.rela.ctors)

.rel.dtors
 *(.rel.dtors)

.rela.dtors
 *(.rela.dtors)

.rel.got
 *(.rel.got)

.rela.got
 *(.rela.got)

.rel.bss
 *(.rel.bss)

.rela.bss
 *(.rela.bss)

.rel.plt
 *(.rel.plt)

.rela.plt
 *(.rela.plt)

.text           0x00000000     0x2b9c
 *(.vectors)
 .vectors       0x00000000       0x68 c:/winavr-20100110/bin/../lib/gcc/avr/4.3.3/../../../../avr/lib/avr5/crtm328p.o
                0x00000000                __vectors
                0x00000000                __vector_default
 *(.vectors)
 *(.progmem.gcc*)
 *(.progmem*)
                0x00000068                . = ALIGN (0x2)
                0x00000068                __trampolines_start = .
 *(.trampolines)
 .trampolines   0x00000068        0x0 linker stubs
 *(.trampolines*)
                0x00000068                __trampolines_end = .
 *(.jumptables)
 *(.jumptables*)
 *(.lowtext)
 *(.lowtext*)
                0x00000068                __ctors_start = .
 *(.ctors)
                0x00000068                __ctors_end = .
                0x00000068                __dtors_start = .
 *(.dtors)
                0x00000068                __dtors_end = .
 SORT(*)(.ctors)
 SORT(*)(.dtors)
 *(.init0)
 .init0         0x00000068        0x0 c:/winavr-20100110/bin/../lib/gcc/avr/4.3.3/../../../../avr/lib/avr5/crtm328p.o
                0x00000068                __init
 *(.init0)
 *(.init1)
 *(.init1)
 *(.init2)
 .init2         0x00000068        0xc c:/winavr-20100110/bin/../lib/gcc/avr/4.3.3/../../../../avr/lib/avr5/crtm328p.o
 *(.init2)
 *(.init3)
 *(.init3)
 *(.init4)
 .init4         0x00000074       0x16 c:/winavr-20100110/bin/../lib/gcc/avr/4.3.3/avr5\libgcc.a(_copy_data.o)
                0x00000074                __do_copy_data
 .init4         0x0000008a       0x10 c:/winavr-20100110/bin/../lib/gcc/avr/4.3.3/avr5\libgcc.a(_clear_bss.o)
                0x0000008a                __do_clear_bss
 *(.init4)
 *(.init5)
 *(.init5)
 *(.init6)
 *(.init6)
 *(.init7)
 *(.init7)
 *(.init8)
 *(.init8)
 *(.init9)
 .init9         0x0000009a        0x8 c:/winavr-20100110/bin/../lib/gcc/avr/4.3.3/../../../../avr/lib/avr5/crtm328p.o
 *(.init9)
 *(.text)
 .text          0x000000a2        0x4 c:/winavr-20100110/bin/../lib/gcc/avr/4.3.3/../../../../avr/lib/avr5/crtm328p.o
                0x000000a2                __vector_22
                0x000000a2                __vector_1
                0x000000a2                __vector_24
                0x000000a2                __vector_12
                0x000000a2                __bad_interrupt
                0x000000a2                __vector_6
                0x000000a2                __vector_3
                0x000000a2                __vector_23
                0x000000a2                __vector_25
                0x000000a2                __vector_13
                0x000000a2                __vector_17
                0x000000a2                __vector_7
                0x000000a2                __vector_5
                0x000000a2                __vector_4
                0x000000a2                __vector_9
                0x000000a2                __vector_2
                0x000000a2                __vector_21
                0x000000a2                __vector_15
                0x000000a2                __vector_8
                0x000000a2                __vector_14
                0x000000a2                __vector_10
                0x000000a2                __vector_16
                0x000000a2                __vector_20
 .text          0x000000a6      0x10a main.o
                0x000000ac                main
                0x000000a6                vApplicationIdleHook
 .text          0x000001b0       0x9e ParTest/ParTest.o
                0x000001c0                vParTestToggleLED
                0x00000206                vParTestSetLED
                0x000001b0                vParTestInitialise
 .text          0x0000024e      0x202 serial/serial.o
                0x0000024e                vSerialClose
                0x00000370                xSerialPutChar
                0x0000026a                __vector_19
                0x000003ac                xSerialGetChar
                0x000002ee                __vector_18
                0x000003c0                xSerialPortInitMinimal
 .text          0x00000450      0x2d4 regtest.o
                0x00000450                xAreRegTestTasksStillRunning
                0x000006e8                vStartRegTestTasks
 .text          0x00000724      0xe58 ../../Source/tasks.o
                0x00001100                vTaskPlaceOnUnorderedEventList
                0x00000758                pcTaskGetName
                0x000011da                vTaskEndScheduler
                0x000011b6                vTaskPlaceOnEventList
                0x00000730                xTaskGetTickCount
                0x00000ac2                xTaskRemoveFromEventList
                0x0000125e                vTaskDelete
                0x000007f8                xTaskCheckForTimeOut
                0x00001050                ulTaskNotifyTake
                0x00000724                vTaskSuspendAll
                0x00000746                xTaskGetTickCountFromISR
                0x00000896                xTaskNotifyStateClear
                0x0000076e                vTaskSwitchContext
                0x00000f42                xTaskNotifyWait
                0x00000752                uxTaskGetNumberOfTasks
                0x00000cd4                xTaskGenericNotify
                0x00001158                vTaskDelayUntil
                0x00000962                xTaskGenericNotifyFromISR
                0x00000a5a                xTaskRemoveFromUnorderedEventList
                0x00000da8                xTaskResumeAll
                0x0000152c                vTaskStartScheduler
                0x0000085e                vTaskMissedYield
                0x00000b42                xTaskIncrementTick
                0x0000133a                xTaskCreate
                0x00001132                vTaskDelay
                0x000007e2                vTaskSetTimeOutState
                0x00000866                uxTaskResetEventItemValue
                0x000008c0                vTaskNotifyGiveFromISR
 .text          0x0000157c      0x818 ../../Source/queue.o
                0x000016c2                xQueueCRReceiveFromISR
                0x00001914                xQueueGenericSendFromISR
                0x00001738                xQueueCRSendFromISR
                0x00001698                xQueuePeekFromISR
                0x00001800                xQueueCRSend
                0x0000186c                vQueueDelete
                0x00001b6a                xQueueGenericSend
                0x00001776                xQueueCRReceive
                0x00001872                xQueueReceiveFromISR
                0x00001d44                xQueueGenericCreate
                0x0000158c                uxQueueSpacesAvailable
                0x000015b6                xQueueIsQueueFullFromISR
                0x0000157c                uxQueueMessagesWaiting
                0x000019f6                xQueueGenericReceive
                0x00001cc0                xQueueGenericReset
                0x000015a0                uxQueueMessagesWaitingFromISR
                0x000015a6                xQueueIsQueueEmptyFromISR
                0x000018ce                xQueueGiveFromISR
 .text          0x00001d94      0x11e ../../Source/list.o
                0x00001dbc                vListInsertEnd
                0x00001db4                vListInitialiseItem
                0x00001d94                vListInitialise
                0x00001e5e                uxListRemove
                0x00001dfa                vListInsert
 .text          0x00001eb2      0x37e ../../Source/croutine.o
                0x00001eb2                xCoRoutineRemoveFromEventList
                0x0000213c                xCoRoutineCreate
                0x00001f02                vCoRoutineSchedule
                0x000020c2                vCoRoutineAddToDelayedList
 .text          0x00002230       0x84 ../../Source/portable/MemMang/heap_1.o
                0x0000223c                xPortGetFreeHeapSize
                0x00002230                vPortFree
                0x00002250                pvPortMalloc
                0x00002232                vPortInitialiseBlocks
 .text          0x000022b4      0x278 ../../Source/portable/GCC/ATMega323/port.o
                0x00002344                xPortStartScheduler
                0x000023ba                vPortYieldFromTick
                0x000023b8                vPortEndScheduler
                0x00002474                __vector_11
                0x0000247a                vPortYield
                0x000022b4                pxPortInitialiseStack
 .text          0x0000252c      0x194 ../Common/Minimal/crflash.o
                0x0000252c                xAreFlashCoRoutinesStillRunning
                0x00002532                vStartFlashCoRoutines
 .text          0x000026c0       0xf6 ../Common/Minimal/integer.o
                0x0000278e                vStartIntegerMathTasks
                0x00002780                xAreIntegerMathsTaskStillRunning
 .text          0x000027b6      0x17c ../Common/Minimal/PollQ.o
                0x000027b6                xArePollingQueuesStillRunning
                0x000027d0                vStartPolledQueueTasks
 .text          0x00002932      0x138 ../Common/Minimal/comtest.o
                0x00002932                xAreComTestTasksStillRunning
                0x00002940                vAltStartComTestTasks
 .text          0x00002a6a        0x0 c:/winavr-20100110/bin/../lib/gcc/avr/4.3.3/avr5\libgcc.a(_mulsi3.o)
 .text          0x00002a6a        0x0 c:/winavr-20100110/bin/../lib/gcc/avr/4.3.3/avr5\libgcc.a(_udivmodhi4.o)
 .text          0x00002a6a        0x0 c:/winavr-20100110/bin/../lib/gcc/avr/4.3.3/avr5\libgcc.a(_udivmodsi4.o)
 .text          0x00002a6a        0x0 c:/winavr-20100110/bin/../lib/gcc/avr/4.3.3/avr5\libgcc.a(_divmodsi4.o)
 .text          0x00002a6a        0x0 c:/winavr-20100110/bin/../lib/gcc/avr/4.3.3/avr5\libgcc.a(_exit.o)
 .text          0x00002a6a        0x0 c:/winavr-20100110/bin/../lib/gcc/avr/4.3.3/avr5\libgcc.a(_copy_data.o)
 .text          0x00002a6a        0x0 c:/winavr-20100110/bin/../lib/gcc/avr/4.3.3/avr5\libgcc.a(_clear_bss.o)
 .text          0x00002a6a        0x0 c:/winavr-20100110/bin/../lib/gcc/avr/4.3.3/../../../../avr/lib/avr5\libc.a(memcpy.o)
 .text          0x00002a6a        0x0 c:/winavr-20100110/bin/../lib/gcc/avr/4.3.3/../../../../avr/lib/avr5\libc.a(eerd_block_atmega328p.o)
 .text          0x00002a6a        0x0 c:/winavr-20100110/bin/../lib/gcc/avr/4.3.3/../../../../avr/lib/avr5\libc.a(eewr_byte_atmega328p.o)
                0x00002a6a                . = ALIGN (0x2)
 *(.text.*)
 .text.libgcc   0x00002a6a       0x3e c:/winavr-20100110/bin/../lib/gcc/avr/4.3.3/avr5\libgcc.a(_mulsi3.o)
                0x00002a6a                __mulsi3
 .text.libgcc   0x00002aa8       0x28 c:/winavr-20100110/bin/../lib/gcc/avr/4.3.3/avr5\libgcc.a(_udivmodhi4.o)
                0x00002aa8                __udivmodhi4
 .text.libgcc   0x00002ad0       0x44 c:/winavr-20100110/bin/../lib/gcc/avr/4.3.3/avr5\libgcc.a(_udivmodsi4.o)
                0x00002ad0                __udivmodsi4
 .text.libgcc   0x00002b14       0x36 c:/winavr-20100110/bin/../lib/gcc/avr/4.3.3/avr5\libgcc.a(_divmodsi4.o)
                0x00002b14                __divmodsi4
 .text.libgcc   0x00002b4a        0x0 c:/winavr-20100110/bin/../lib/gcc/avr/4.3.3/avr5\libgcc.a(_exit.o)
 .text.libgcc   0x00002b4a        0x0 c:/winavr-20100110/bin/../lib/gcc/avr/4.3.3/avr5\libgcc.a(_copy_data.o)
 .text.libgcc   0x00002b4a        0x0 c:/winavr-20100110/bin/../lib/gcc/avr/4.3.3/avr5\libgcc.a(_clear_bss.o)
 .text.avr-libc
                0x00002b4a       0x12 c:/winavr-20100110/bin/../lib/gcc/avr/4.3.3/../../../../avr/lib/avr5\libc.a(memcpy.o)
                0x00002b4a                memcpy
 .text.avr-libc
                0x00002b5c       0x20 c:/winavr-20100110/bin/../lib/gcc/avr/4.3.3/../../../../avr/lib/avr5\libc.a(eerd_block_atmega328p.o)
                0x00002b5c                __eerd_block_m328p
                0x00002b60                __eerd_blraw_m328p
 .text.avr-libc
                0x00002b7c       0x1c c:/winavr-20100110/bin/../lib/gcc/avr/4.3.3/../../../../avr/lib/avr5\libc.a(eewr_byte_atmega328p.o)
                0x00002b7c                __eewr_byte_m328p
                0x00002b7e                __eewr_r18_m328p
                0x00002b98                . = ALIGN (0x2)
 *(.fini9)
 .fini9         0x00002b98        0x0 c:/winavr-20100110/bin/../lib/gcc/avr/4.3.3/avr5\libgcc.a(_exit.o)
                0x00002b98                exit
                0x00002b98                _exit
 *(.fini9)
 *(.fini8)
 *(.fini8)
 *(.fini7)
 *(.fini7)
 *(.fini6)
 *(.fini6)
 *(.fini5)
 *(.fini5)
 *(.fini4)
 *(.fini4)
 *(.fini3)
 *(.fini3)
 *(.fini2)
 *(.fini2)
 *(.fini1)
 *(.fini1)
 *(.fini0)
 .fini0         0x00002b98        0x4 c:/winavr-20100110/bin/../lib/gcc/avr/4.3.3/avr5\libgcc.a(_exit.o)
 *(.fini0)
                0x00002b9c                _etext = .

.data           0x00800100       0x50 load address 0x00002b9c
                0x00800100                PROVIDE (__data_start, .)
 *(.data)
 .data          0x00800100        0x0 c:/winavr-20100110/bin/../lib/gcc/avr/4.3.3/../../../../avr/lib/avr5/crtm328p.o
 .data          0x00800100        0xa main.o
 .data          0x0080010a        0x1 ParTest/ParTest.o
 .data          0x0080010b        0x0 serial/serial.o
 .data          0x0080010b        0xa regtest.o
 .data          0x00800115        0x5 ../../Source/tasks.o
 .data          0x0080011a        0x0 ../../Source/queue.o
 .data          0x0080011a        0x0 ../../Source/list.o
 .data          0x0080011a        0x0 ../../Source/croutine.o
 .data          0x0080011a        0x0 ../../Source/portable/MemMang/heap_1.o
 .data          0x0080011a        0x0 ../../Source/portable/GCC/ATMega323/port.o
 .data          0x0080011a       0x11 ../Common/Minimal/crflash.o
 .data          0x0080012b        0x8 ../Common/Minimal/integer.o
 .data          0x00800133       0x10 ../Common/Minimal/PollQ.o
 .data          0x00800143        0xc ../Common/Minimal/comtest.o
 .data          0x0080014f        0x0 c:/winavr-20100110/bin/../lib/gcc/avr/4.3.3/avr5\libgcc.a(_mulsi3.o)
 .data          0x0080014f        0x0 c:/winavr-20100110/bin/../lib/gcc/avr/4.3.3/avr5\libgcc.a(_udivmodhi4.o)
 .data          0x0080014f        0x0 c:/winavr-20100110/bin/../lib/gcc/avr/4.3.3/avr5\libgcc.a(_udivmodsi4.o)
 .data          0x0080014f        0x0 c:/winavr-20100110/bin/../lib/gcc/avr/4.3.3/avr5\libgcc.a(_divmodsi4.o)
 .data          0x0080014f        0x0 c:/winavr-20100110/bin/../lib/gcc/avr/4.3.3/avr5\libgcc.a(_exit.o)
 .data          0x0080014f        0x0 c:/winavr-20100110/bin/../lib/gcc/avr/4.3.3/avr5\libgcc.a(_copy_data.o)
 .data          0x0080014f        0x0 c:/winavr-20100110/bin/../lib/gcc/avr/4.3.3/avr5\libgcc.a(_clear_bss.o)
 .data          0x0080014f        0x0 c:/winavr-20100110/bin/../lib/gcc/avr/4.3.3/../../../../avr/lib/avr5\libc.a(memcpy.o)
 .data          0x0080014f        0x0 c:/winavr-20100110/bin/../lib/gcc/avr/4.3.3/../../../../avr/lib/avr5\libc.a(eerd_block_atmega328p.o)
 .data          0x0080014f        0x0 c:/winavr-20100110/bin/../lib/gcc/avr/4.3.3/../../../../avr/lib/avr5\libc.a(eewr_byte_atmega328p.o)
 *(.data*)
 *(.rodata)
 *(.rodata*)
 *(.gnu.linkonce.d*)
                0x00800150                . = ALIGN (0x2)
 *fill*         0x0080014f        0x1 00
                0x00800150                _edata = .
                0x00800150                PROVIDE (__data_end, .)

.bss            0x00800150      0x686
                0x00800150                PROVIDE (__bss_start, .)
 *(.bss)
 .bss           0x00800150        0x0 c:/winavr-20100110/bin/../lib/gcc/avr/4.3.3/../../../../avr/lib/avr5/crtm328p.o
 .bss           0x00800150        0x1 main.o
 .bss           0x00800151        0x0 ParTest/ParTest.o
 .bss           0x00800151        0x4 serial/serial.o
 .bss           0x00800155        0x1 regtest.o
                0x00800155                xRegTestError
 .bss           0x00800156       0x5d ../../Source/tasks.o
                0x00800156                pxCurrentTCB
 .bss           0x008001b3        0x0 ../../Source/queue.o
 .bss           0x008001b3        0x0 ../../Source/list.o
 .bss           0x008001b3       0x3a ../../Source/croutine.o
                0x008001b3                pxCurrentCoRoutine
 .bss           0x008001ed      0x5e0 ../../Source/portable/MemMang/heap_1.o
 .bss           0x008007cd        0x0 ../../Source/portable/GCC/ATMega323/port.o
 .bss           0x008007cd        0x2 ../Common/Minimal/crflash.o
 .bss           0x008007cf        0x1 ../Common/Minimal/integer.o
 .bss           0x008007d0        0x4 ../Common/Minimal/PollQ.o
 .bss           0x008007d4        0x2 ../Common/Minimal/comtest.o
 .bss           0x008007d6        0x0 c:/winavr-20100110/bin/../lib/gcc/avr/4.3.3/avr5\libgcc.a(_mulsi3.o)
 .bss           0x008007d6        0x0 c:/winavr-20100110/bin/../lib/gcc/avr/4.3.3/avr5\libgcc.a(_udivmodhi4.o)
 .bss           0x008007d6        0x0 c:/winavr-20100110/bin/../lib/gcc/avr/4.3.3/avr5\libgcc.a(_udivmodsi4.o)
 .bss           0x008007d6        0x0 c:/winavr-20100110/bin/../lib/gcc/avr/4.3.3/avr5\libgcc.a(_divmodsi4.o)
 .bss           0x008007d6        0x0 c:/winavr-20100110/bin/../lib/gcc/avr/4.3.3/avr5\libgcc.a(_exit.o)
 .bss           0x008007d6        0x0 c:/winavr-20100110/bin/../lib/gcc/avr/4.3.3/avr5\libgcc.a(_copy_data.o)
 .bss           0x008007d6        0x0 c:/winavr-20100110/bin/../lib/gcc/avr/4.3.3/avr5\libgcc.a(_clear_bss.o)
 .bss           0x008007d6        0x0 c:/winavr-20100110/bin/../lib/gcc/avr/4.3.3/../../../../avr/lib/avr5\libc.a(memcpy.o)
 .bss           0x008007d6        0x0 c:/winavr-20100110/bin/../lib/gcc/avr/4.3.3/../../../../avr/lib/avr5\libc.a(eerd_block_atmega328p.o)
 .bss           0x008007d6        0x0 c:/winavr-20100110/bin/../lib/gcc/avr/4.3.3/../../../../avr/lib/avr5\libc.a(eewr_byte_atmega328p.o)
 *(.bss*)
 *(COMMON)
                0x008007d6                PROVIDE (__bss_end, .)
                0x00002b9c                __data_load_start = LOADADDR (.data)
                0x00002bec                __data_load_end = (__data_load_start + SIZEOF (.data))

.noinit         0x008007d6        0x0
                0x008007d6                PROVIDE (__noinit_start, .)
 *(.noinit*)
                0x008007d6                PROVIDE (__noinit_end, .)
                0x008007d6                _end = .
                0x008007d6                PROVIDE (__heap_start, .)

.eeprom         0x00810000        0x0
 *(.eeprom*)
                0x00810000                __eeprom_end = .

.fuse
 *(.fuse)
 *(.lfuse)
 *(.hfuse)
 *(.efuse)

.lock
 *(.lock*)

.signature
 *(.signature*)

.stab
 *(.stab)

.stabstr
 *(.stabstr)

.stab.excl
 *(.stab.excl)

.stab.exclstr
 *(.stab.exclstr)

.stab.index
 *(.stab.index)

.stab.indexstr
 *(.stab.indexstr)

.comment
 *(.comment)

.debug
 *(.debug)

.line
 *(.line)

.debug_srcinfo
 *(.debug_srcinfo)

.debug_sfnames
 *(.debug_sfnames)

.debug_aranges  0x00000000      0x1c0
 *(.debug_aranges)
 .debug_aranges
                0x00000000       0x20 main.o
 .debug_aranges
                0x00000020       0x20 ParTest/ParTest.o
 .debug_aranges
                0x00000040       0x20 serial/serial.o
 .debug_aranges
                0x00000060       0x20 regtest.o
 .debug_aranges
                0x00000080       0x20 ../../Source/tasks.o
 .debug_aranges
                0x000000a0       0x20 ../../Source/queue.o
 .debug_aranges
                0x000000c0       0x20 ../../Source/list.o
 .debug_aranges
                0x000000e0       0x20 ../../Source/croutine.o
 .debug_aranges
                0x00000100       0x20 ../../Source/portable/MemMang/heap_1.o
 .debug_aranges
                0x00000120       0x20 ../../Source/portable/GCC/ATMega323/port.o
 .debug_aranges
                0x00000140       0x20 ../Common/Minimal/crflash.o
 .debug_aranges
                0x00000160       0x20 ../Common/Minimal/integer.o
 .debug_aranges
                0x00000180       0x20 ../Common/Minimal/PollQ.o
 .debug_aranges
                0x000001a0       0x20 ../Common/Minimal/comtest.o

.debug_pubnames
                0x00000000      0x92f
 *(.debug_pubnames)
 .debug_pubnames
                0x00000000       0x34 main.o
 .debug_pubnames
                0x00000034       0x52 ParTest/ParTest.o
 .debug_pubnames
                0x00000086       0x84 serial/serial.o
 .debug_pubnames
                0x0000010a       0x5c regtest.o
 .debug_pubnames
                0x00000166      0x2c1 ../../Source/tasks.o
 .debug_pubnames
                0x00000427      0x1ce ../../Source/queue.o
 .debug_pubnames
                0x000005f5       0x72 ../../Source/list.o
 .debug_pubnames
                0x00000667       0x96 ../../Source/croutine.o
 .debug_pubnames
                0x000006fd       0x64 ../../Source/portable/MemMang/heap_1.o
 .debug_pubnames
                0x00000761       0x90 ../../Source/portable/GCC/ATMega323/port.o
 .debug_pubnames
                0x000007f1       0x50 ../Common/Minimal/crflash.o
 .debug_pubnames
                0x00000841       0x52 ../Common/Minimal/integer.o
 .debug_pubnames
                0x00000893       0x4f ../Common/Minimal/PollQ.o
 .debug_pubnames
                0x000008e2       0x4d ../Common/Minimal/comtest.o

.debug_info     0x00000000     0x3763
 *(.debug_info)
 .debug_info    0x00000000      0x147 main.o
 .debug_info    0x00000147      0x10f ParTest/ParTest.o
 .debug_info    0x00000256      0x294 serial/serial.o
 .debug_info    0x000004ea      0x10e regtest.o
 .debug_info    0x000005f8     0x1145 ../../Source/tasks.o
 .debug_info    0x0000173d      0xd22 ../../Source/queue.o
 .debug_info    0x0000245f      0x2b5 ../../Source/list.o
 .debug_info    0x00002714      0x50e ../../Source/croutine.o
 .debug_info    0x00002c22      0x15b ../../Source/portable/MemMang/heap_1.o
 .debug_info    0x00002d7d      0x1f2 ../../Source/portable/GCC/ATMega323/port.o
 .debug_info    0x00002f6f      0x2bc ../Common/Minimal/crflash.o
 .debug_info    0x0000322b      0x17c ../Common/Minimal/integer.o
 .debug_info    0x000033a7      0x1c4 ../Common/Minimal/PollQ.o
 .debug_info    0x0000356b      0x1f8 ../Common/Minimal/comtest.o
 *(.gnu.linkonce.wi.*)

.debug_abbrev   0x00000000      0xfd0
 *(.debug_abbrev)
 .debug_abbrev  0x00000000       0xff main.o
 .debug_abbrev  0x000000ff       0x93 ParTest/ParTest.o
 .debug_abbrev  0x00000192       0xd2 serial/serial.o
 .debug_abbrev  0x00000264       0xce regtest.o
 .debug_abbrev  0x00000332      0x28a ../../Source/tasks.o
 .debug_abbrev  0x000005bc      0x1d3 ../../Source/queue.o
 .debug_abbrev  0x0000078f       0xdf ../../Source/list.o
 .debug_abbrev  0x0000086e      0x1cd ../../Source/croutine.o
 .debug_abbrev  0x00000a3b       0xfa ../../Source/portable/MemMang/heap_1.o
 .debug_abbrev  0x00000b35      0x118 ../../Source/portable/GCC/ATMega323/port.o
 .debug_abbrev  0x00000c4d      0x107 ../Common/Minimal/crflash.o
 .debug_abbrev  0x00000d54       0xd9 ../Common/Minimal/integer.o
 .debug_abbrev  0x00000e2d       0xc0 ../Common/Minimal/PollQ.o
 .debug_abbrev  0x00000eed       0xe3 ../Common/Minimal/comtest.o

.debug_line     0x00000000     0x3695
 *(.debug_line)
 .debug_line    0x00000000      0x13b main.o
 .debug_line    0x0000013b      0x11d ParTest/ParTest.o
 .debug_line    0x00000258      0x260 serial/serial.o
 .debug_line    0x000004b8      0x8d6 regtest.o
 .debug_line    0x00000d8e      0xca4 ../../Source/tasks.o
 .debug_line    0x00001a32      0xa88 ../../Source/queue.o
 .debug_line    0x000024ba      0x255 ../../Source/list.o
 .debug_line    0x0000270f      0x368 ../../Source/croutine.o
 .debug_line    0x00002a77      0x16c ../../Source/portable/MemMang/heap_1.o
 .debug_line    0x00002be3      0x34e ../../Source/portable/GCC/ATMega323/port.o
 .debug_line    0x00002f31      0x1ef ../Common/Minimal/crflash.o
 .debug_line    0x00003120      0x148 ../Common/Minimal/integer.o
 .debug_line    0x00003268      0x216 ../Common/Minimal/PollQ.o
 .debug_line    0x0000347e      0x217 ../Common/Minimal/comtest.o

.debug_frame    0x00000000      0x730
 *(.debug_frame)
 .debug_frame   0x00000000       0x40 main.o
 .debug_frame   0x00000040       0x40 ParTest/ParTest.o
 .debug_frame   0x00000080       0x70 serial/serial.o
 .debug_frame   0x000000f0       0x50 regtest.o
 .debug_frame   0x00000140      0x1f0 ../../Source/tasks.o
 .debug_frame   0x00000330      0x160 ../../Source/queue.o
 .debug_frame   0x00000490       0x60 ../../Source/list.o
 .debug_frame   0x000004f0       0x50 ../../Source/croutine.o
 .debug_frame   0x00000540       0x50 ../../Source/portable/MemMang/heap_1.o
 .debug_frame   0x00000590       0x70 ../../Source/portable/GCC/ATMega323/port.o
 .debug_frame   0x00000600       0x50 ../Common/Minimal/crflash.o
 .debug_frame   0x00000650       0x40 ../Common/Minimal/integer.o
 .debug_frame   0x00000690       0x50 ../Common/Minimal/PollQ.o
 .debug_frame   0x000006e0       0x50 ../Common/Minimal/comtest.o

.debug_str      0x00000000     0x1760
 *(.debug_str)
 .debug_str     0x00000000      0x146 main.o
                                0x17f (size before relaxing)
 .debug_str     0x00000146       0x6e ParTest/ParTest.o
                                0x145 (size before relaxing)
 .debug_str     0x000001b4      0x126 serial/serial.o
                                0x21c (size before relaxing)
 .debug_str     0x000002da       0x6c regtest.o
                                0x158 (size before relaxing)
 .debug_str     0x00000346      0x8e9 ../../Source/tasks.o
                                0xa2c (size before relaxing)
 .debug_str     0x00000c2f      0x390 ../../Source/queue.o
                                0x5ed (size before relaxing)
 .debug_str     0x00000fbf       0xa8 ../../Source/list.o
                                0x22e (size before relaxing)
 .debug_str     0x00001067      0x25d ../../Source/croutine.o
                                0x44e (size before relaxing)
 .debug_str     0x000012c4       0xa2 ../../Source/portable/MemMang/heap_1.o
                                0x188 (size before relaxing)
 .debug_str     0x00001366       0xdd ../../Source/portable/GCC/ATMega323/port.o
                                0x20e (size before relaxing)
 .debug_str     0x00001443       0xd7 ../Common/Minimal/crflash.o
                                0x2b4 (size before relaxing)
 .debug_str     0x0000151a       0x95 ../Common/Minimal/integer.o
                                0x1b4 (size before relaxing)
 .debug_str     0x000015af       0xde ../Common/Minimal/PollQ.o
                                0x203 (size before relaxing)
 .debug_str     0x0000168d       0xd3 ../Common/Minimal/comtest.o
                                0x219 (size before relaxing)

.debug_loc      0x00000000     0x212f
 *(.debug_loc)
 .debug_loc     0x00000000       0x18 main.o
 .debug_loc     0x00000018       0xa1 ParTest/ParTest.o
 .debug_loc     0x000000b9      0x1a3 serial/serial.o
 .debug_loc     0x0000025c      0xc32 ../../Source/tasks.o
 .debug_loc     0x00000e8e      0xb71 ../../Source/queue.o
 .debug_loc     0x000019ff      0x138 ../../Source/list.o
 .debug_loc     0x00001b37      0x1d0 ../../Source/croutine.o
 .debug_loc     0x00001d07       0x60 ../../Source/portable/MemMang/heap_1.o
 .debug_loc     0x00001d67       0x3b ../../Source/portable/GCC/ATMega323/port.o
 .debug_loc     0x00001da2      0x162 ../Common/Minimal/crflash.o
 .debug_loc     0x00001f04       0x36 ../Common/Minimal/integer.o
 .debug_loc     0x00001f3a       0xae ../Common/Minimal/PollQ.o
 .debug_loc     0x00001fe8      0x147 ../Common/Minimal/comtest.o

.debug_macinfo
 *(.debug_macinfo)
OUTPUT(rtosdemo.elf elf32-avr)
LOAD linker stubs

.debug_ranges   0x00000000       0x48
 .debug_ranges  0x00000000       0x18 main.o
 .debug_ranges  0x00000018       0x18 ../../Source/tasks.o
 .debug_ranges  0x00000030       0x18 ../../Source/queue.o

Cross Reference Table

Symbol                                            File
__bad_interrupt                                   c:/winavr-20100110/bin/../lib/gcc/avr/4.3.3/../../../../avr/lib/avr5/crtm328p.o
__bss_end                                         c:/winavr-20100110/bin/../lib/gcc/avr/4.3.3/avr5\libgcc.a(_clear_bss.o)
__bss_start                                       c:/winavr-20100110/bin/../lib/gcc/avr/4.3.3/avr5\libgcc.a(_clear_bss.o)
__data_end                                        c:/winavr-20100110/bin/../lib/gcc/avr/4.3.3/avr5\libgcc.a(_copy_data.o)
__data_load_start                                 c:/winavr-20100110/bin/../lib/gcc/avr/4.3.3/avr5\libgcc.a(_copy_data.o)
__data_start                                      c:/winavr-20100110/bin/../lib/gcc/avr/4.3.3/avr5\libgcc.a(_copy_data.o)
__divmodsi4                                       c:/winavr-20100110/bin/../lib/gcc/avr/4.3.3/avr5\libgcc.a(_divmodsi4.o)
                                                  ../Common/Minimal/integer.o
__do_clear_bss                                    c:/winavr-20100110/bin/../lib/gcc/avr/4.3.3/avr5\libgcc.a(_clear_bss.o)
                                                  ../Common/Minimal/comtest.o
                                                  ../Common/Minimal/PollQ.o
                                                  ../Common/Minimal/integer.o
                                                  ../Common/Minimal/crflash.o
                                                  ../../Source/portable/MemMang/heap_1.o
                                                  ../../Source/croutine.o
                                                  ../../Source/tasks.o
                                                  regtest.o
                                                  serial/serial.o
                                                  main.o
__do_copy_data                                    c:/winavr-20100110/bin/../lib/gcc/avr/4.3.3/avr5\libgcc.a(_copy_data.o)
                                                  ../Common/Minimal/comtest.o
                                                  ../Common/Minimal/PollQ.o
                                                  ../Common/Minimal/integer.o
                                                  ../Common/Minimal/crflash.o
                                                  ../../Source/tasks.o
                                                  regtest.o
                                                  ParTest/ParTest.o
                                                  main.o
__eerd_block_m328p                                c:/winavr-20100110/bin/../lib/gcc/avr/4.3.3/../../../../avr/lib/avr5\libc.a(eerd_block_atmega328p.o)
                                                  main.o
__eerd_blraw_m328p                                c:/winavr-20100110/bin/../lib/gcc/avr/4.3.3/../../../../avr/lib/avr5\libc.a(eerd_block_atmega328p.o)
__eewr_byte_m328p                                 c:/winavr-20100110/bin/../lib/gcc/avr/4.3.3/../../../../avr/lib/avr5\libc.a(eewr_byte_atmega328p.o)
                                                  main.o
__eewr_r18_m328p                                  c:/winavr-20100110/bin/../lib/gcc/avr/4.3.3/../../../../avr/lib/avr5\libc.a(eewr_byte_atmega328p.o)
__heap_end                                        c:/winavr-20100110/bin/../lib/gcc/avr/4.3.3/../../../../avr/lib/avr5/crtm328p.o
__init                                            c:/winavr-20100110/bin/../lib/gcc/avr/4.3.3/../../../../avr/lib/avr5/crtm328p.o
__mulsi3                                          c:/winavr-20100110/bin/../lib/gcc/avr/4.3.3/avr5\libgcc.a(_mulsi3.o)
                                                  ../Common/Minimal/integer.o
__stack                                           c:/winavr-20100110/bin/../lib/gcc/avr/4.3.3/../../../../avr/lib/avr5/crtm328p.o
__udivmodhi4                                      c:/winavr-20100110/bin/../lib/gcc/avr/4.3.3/avr5\libgcc.a(_udivmodhi4.o)
                                                  ../Common/Minimal/comtest.o
__udivmodsi4                                      c:/winavr-20100110/bin/../lib/gcc/avr/4.3.3/avr5\libgcc.a(_udivmodsi4.o)
                                                  c:/winavr-20100110/bin/../lib/gcc/avr/4.3.3/avr5\libgcc.a(_divmodsi4.o)
                                                  serial/serial.o
__vector_1                                        c:/winavr-20100110/bin/../lib/gcc/avr/4.3.3/../../../../avr/lib/avr5/crtm328p.o
__vector_10                                       c:/winavr-20100110/bin/../lib/gcc/avr/4.3.3/../../../../avr/lib/avr5/crtm328p.o
__vector_11                                       ../../Source/portable/GCC/ATMega323/port.o
                                                  c:/winavr-20100110/bin/../lib/gcc/avr/4.3.3/../../../../avr/lib/avr5/crtm328p.o
__vector_12                                       c:/winavr-20100110/bin/../lib/gcc/avr/4.3.3/../../../../avr/lib/avr5/crtm328p.o
__vector_13                                       c:/winavr-20100110/bin/../lib/gcc/avr/4.3.3/../../../../avr/lib/avr5/crtm328p.o
__vector_14                                       c:/winavr-20100110/bin/../lib/gcc/avr/4.3.3/../../../../avr/lib/avr5/crtm328p.o
__vector_15                                       c:/winavr-20100110/bin/../lib/gcc/avr/4.3.3/../../../../avr/lib/avr5/crtm328p.o
__vector_16                                       c:/winavr-20100110/bin/../lib/gcc/avr/4.3.3/../../../../avr/lib/avr5/crtm328p.o
__vector_17                                       c:/winavr-20100110/bin/../lib/gcc/avr/4.3.3/../../../../avr/lib/avr5/crtm328p.o
__vector_18                                       serial/serial.o
                                                  c:/winavr-20100110/bin/../lib/gcc/avr/4.3.3/../../../../avr/lib/avr5/crtm328p.o
__vector_19                                       serial/serial.o
                                                  c:/winavr-20100110/bin/../lib/gcc/avr/4.3.3/../../../../avr/lib/avr5/crtm328p.o
__vector_2                                        c:/winavr-20100110/bin/../lib/gcc/avr/4.3.3/../../../../avr/lib/avr5/crtm328p.o
__vector_20                                       c:/winavr-20100110/bin/../lib/gcc/avr/4.3.3/../../../../avr/lib/avr5/crtm328p.o
__vector_21                                       c:/winavr-20100110/bin/../lib/gcc/avr/4.3.3/../../../../avr/lib/avr5/crtm328p.o
__vector_22                                       c:/winavr-20100110/bin/../lib/gcc/avr/4.3.3/../../../../avr/lib/avr5/crtm328p.o
__vector_23                                       c:/winavr-20100110/bin/../lib/gcc/avr/4.3.3/../../../../avr/lib/avr5/crtm328p.o
__vector_24                                       c:/winavr-20100110/bin/../lib/gcc/avr/4.3.3/../../../../avr/lib/avr5/crtm328p.o
__vector_25                                       c:/winavr-20100110/bin/../lib/gcc/avr/4.3.3/../../../../avr/lib/avr5/crtm328p.o
__vector_3                                        c:/winavr-20100110/bin/../lib/gcc/avr/4.3.3/../../../../avr/lib/avr5/crtm328p.o
__vector_4                                        c:/winavr-20100110/bin/../lib/gcc/avr/4.3.3/../../../../avr/lib/avr5/crtm328p.o
__vector_5                                        c:/winavr-20100110/bin/../lib/gcc/avr/4.3.3/../../../../avr/lib/avr5/crtm328p.o
__vector_6                                        c:/winavr-20100110/bin/../lib/gcc/avr/4.3.3/../../../../avr/lib/avr5/crtm328p.o
__vector_7                                        c:/winavr-20100110/bin/../lib/gcc/avr/4.3.3/../../../../avr/lib/avr5/crtm328p.o
__vector_8                                        c:/winavr-20100110/bin/../lib/gcc/avr/4.3.3/../../../../avr/lib/avr5/crtm328p.o
__vector_9                                        c:/winavr-20100110/bin/../lib/gcc/avr/4.3.3/../../../../avr/lib/avr5/crtm328p.o
__vector_default                                  c:/winavr-20100110/bin/../lib/gcc/avr/4.3.3/../../../../avr/lib/avr5/crtm328p.o
__vectors                                         c:/winavr-20100110/bin/../lib/gcc/avr/4.3.3/../../../../avr/lib/avr5/crtm328p.o
_exit                                             c:/winavr-20100110/bin/../lib/gcc/avr/4.3.3/avr5\libgcc.a(_exit.o)
exit                                              c:/winavr-20100110/bin/../lib/gcc/avr/4.3.3/avr5\libgcc.a(_exit.o)
                                                  c:/winavr-20100110/bin/../lib/gcc/avr/4.3.3/../../../../avr/lib/avr5/crtm328p.o
main                                              main.o
                                                  c:/winavr-20100110/bin/../lib/gcc/avr/4.3.3/../../../../avr/lib/avr5/crtm328p.o
memcpy                                            c:/winavr-20100110/bin/../lib/gcc/avr/4.3.3/../../../../avr/lib/avr5\libc.a(memcpy.o)
                                                  ../../Source/queue.o
pcTaskGetName                                     ../../Source/tasks.o
pvPortMalloc                                      ../../Source/portable/MemMang/heap_1.o
                                                  ../../Source/croutine.o
                                                  ../../Source/queue.o
                                                  ../../Source/tasks.o
pxCurrentCoRoutine                                ../../Source/croutine.o
pxCurrentTCB                                      ../../Source/tasks.o
                                                  ../../Source/portable/GCC/ATMega323/port.o
pxPortInitialiseStack                             ../../Source/portable/GCC/ATMega323/port.o
                                                  ../../Source/tasks.o
ulTaskNotifyTake                                  ../../Source/tasks.o
uxListRemove                                      ../../Source/list.o
                                                  ../../Source/croutine.o
                                                  ../../Source/tasks.o
uxQueueMessagesWaiting                            ../../Source/queue.o
                                                  ../Common/Minimal/PollQ.o
uxQueueMessagesWaitingFromISR                     ../../Source/queue.o
uxQueueSpacesAvailable                            ../../Source/queue.o
uxTaskGetNumberOfTasks                            ../../Source/tasks.o
uxTaskResetEventItemValue                         ../../Source/tasks.o
vAltStartComTestTasks                             ../Common/Minimal/comtest.o
                                                  main.o
vApplicationIdleHook                              main.o
                                                  ../../Source/tasks.o
vCoRoutineAddToDelayedList                        ../../Source/croutine.o
                                                  ../Common/Minimal/crflash.o
                                                  ../../Source/queue.o
vCoRoutineSchedule                                ../../Source/croutine.o
                                                  main.o
vListInitialise                                   ../../Source/list.o
                                                  ../../Source/croutine.o
                                                  ../../Source/queue.o
                                                  ../../Source/tasks.o
vListInitialiseItem                               ../../Source/list.o
                                                  ../../Source/croutine.o
                                                  ../../Source/tasks.o
vListInsert                                       ../../Source/list.o
                                                  ../../Source/croutine.o
                                                  ../../Source/tasks.o
vListInsertEnd                                    ../../Source/list.o
                                                  ../../Source/croutine.o
                                                  ../../Source/tasks.o
vParTestInitialise                                ParTest/ParTest.o
                                                  main.o
vParTestSetLED                                    ParTest/ParTest.o
                                                  ../Common/Minimal/comtest.o
vParTestToggleLED                                 ParTest/ParTest.o
                                                  ../Common/Minimal/comtest.o
                                                  ../Common/Minimal/crflash.o
                                                  main.o
vPortEndScheduler                                 ../../Source/portable/GCC/ATMega323/port.o
                                                  ../../Source/tasks.o
vPortFree                                         ../../Source/portable/MemMang/heap_1.o
                                                  ../../Source/queue.o
                                                  ../../Source/tasks.o
vPortInitialiseBlocks                             ../../Source/portable/MemMang/heap_1.o
vPortYield                                        ../../Source/portable/GCC/ATMega323/port.o
                                                  ../../Source/queue.o
                                                  ../../Source/tasks.o
                                                  serial/serial.o
vPortYieldFromTick                                ../../Source/portable/GCC/ATMega323/port.o
vQueueDelete                                      ../../Source/queue.o
vSerialClose                                      serial/serial.o
vStartFlashCoRoutines                             ../Common/Minimal/crflash.o
                                                  main.o
vStartIntegerMathTasks                            ../Common/Minimal/integer.o
                                                  main.o
vStartPolledQueueTasks                            ../Common/Minimal/PollQ.o
                                                  main.o
vStartRegTestTasks                                regtest.o
vTaskDelay                                        ../../Source/tasks.o
                                                  ../Common/Minimal/comtest.o
                                                  ../Common/Minimal/PollQ.o
                                                  main.o
vTaskDelayUntil                                   ../../Source/tasks.o
vTaskDelete                                       ../../Source/tasks.o
vTaskEndScheduler                                 ../../Source/tasks.o
vTaskMissedYield                                  ../../Source/tasks.o
                                                  ../../Source/queue.o
vTaskNotifyGiveFromISR                            ../../Source/tasks.o
vTaskPlaceOnEventList                             ../../Source/tasks.o
                                                  ../../Source/queue.o
vTaskPlaceOnUnorderedEventList                    ../../Source/tasks.o
vTaskSetTimeOutState                              ../../Source/tasks.o
                                                  ../../Source/queue.o
vTaskStartScheduler                               ../../Source/tasks.o
                                                  main.o
vTaskSuspendAll                                   ../../Source/tasks.o
                                                  ../../Source/portable/MemMang/heap_1.o
                                                  ../../Source/queue.o
                                                  ParTest/ParTest.o
vTaskSwitchContext                                ../../Source/tasks.o
                                                  ../../Source/portable/GCC/ATMega323/port.o
xAreComTestTasksStillRunning                      ../Common/Minimal/comtest.o
                                                  main.o
xAreFlashCoRoutinesStillRunning                   ../Common/Minimal/crflash.o
xAreIntegerMathsTaskStillRunning                  ../Common/Minimal/integer.o
                                                  main.o
xArePollingQueuesStillRunning                     ../Common/Minimal/PollQ.o
                                                  main.o
xAreRegTestTasksStillRunning                      regtest.o
                                                  main.o
xCoRoutineCreate                                  ../../Source/croutine.o
                                                  ../Common/Minimal/crflash.o
xCoRoutineRemoveFromEventList                     ../../Source/croutine.o
                                                  ../../Source/queue.o
xPortGetFreeHeapSize                              ../../Source/portable/MemMang/heap_1.o
xPortStartScheduler                               ../../Source/portable/GCC/ATMega323/port.o
                                                  ../../Source/tasks.o
xQueueCRReceive                                   ../../Source/queue.o
                                                  ../Common/Minimal/crflash.o
xQueueCRReceiveFromISR                            ../../Source/queue.o
xQueueCRSend                                      ../../Source/queue.o
                                                  ../Common/Minimal/crflash.o
xQueueCRSendFromISR                               ../../Source/queue.o
xQueueGenericCreate                               ../../Source/queue.o
                                                  ../Common/Minimal/PollQ.o
                                                  ../Common/Minimal/crflash.o
                                                  serial/serial.o
xQueueGenericReceive                              ../../Source/queue.o
                                                  ../Common/Minimal/PollQ.o
                                                  serial/serial.o
xQueueGenericReset                                ../../Source/queue.o
xQueueGenericSend                                 ../../Source/queue.o
                                                  ../Common/Minimal/PollQ.o
                                                  serial/serial.o
xQueueGenericSendFromISR                          ../../Source/queue.o
                                                  serial/serial.o
xQueueGiveFromISR                                 ../../Source/queue.o
xQueueIsQueueEmptyFromISR                         ../../Source/queue.o
xQueueIsQueueFullFromISR                          ../../Source/queue.o
xQueuePeekFromISR                                 ../../Source/queue.o
xQueueReceiveFromISR                              ../../Source/queue.o
                                                  serial/serial.o
xRegTestError                                     regtest.o
xSerialGetChar                                    serial/serial.o
                                                  ../Common/Minimal/comtest.o
xSerialPortInitMinimal                            serial/serial.o
                                                  ../Common/Minimal/comtest.o
xSerialPutChar                                    serial/serial.o
                                                  ../Common/Minimal/comtest.o
xTaskCheckForTimeOut                              ../../Source/tasks.o
                                                  ../../Source/queue.o
xTaskCreate                                       ../../Source/tasks.o
                                                  ../Common/Minimal/comtest.o
                                                  ../Common/Minimal/PollQ.o
                                                  ../Common/Minimal/integer.o
                                                  regtest.o
                                                  main.o
xTaskGenericNotify                                ../../Source/tasks.o
xTaskGenericNotifyFromISR                         ../../Source/tasks.o
xTaskGetTickCount                                 ../../Source/tasks.o
                                                  ../Common/Minimal/comtest.o
                                                  ../../Source/croutine.o
xTaskGetTickCountFromISR                          ../../Source/tasks.o
xTaskIncrementTick                                ../../Source/tasks.o
                                                  ../../Source/portable/GCC/ATMega323/port.o
xTaskNotifyStateClear                             ../../Source/tasks.o
xTaskNotifyWait                                   ../../Source/tasks.o
xTaskRemoveFromEventList                          ../../Source/tasks.o
                                                  ../../Source/queue.o
xTaskRemoveFromUnorderedEventList                 ../../Source/tasks.o
xTaskResumeAll                                    ../../Source/tasks.o
                                                  ../../Source/portable/MemMang/heap_1.o
                                                  ../../Source/queue.o
                                                  ParTest/ParTest.o
